capacity-rerun verification: PASS
cohort_match=12/12
AB_outcome_agreement=12/12
root_identical=12/12
manifest_provenance=ok
depth_rows=388
parent,cond,entry_hit_rate,prefetch_hit_rate,cached_eval_fraction,first_order_change_rate,any_order_change_rate,cached_loss_win_shortcut_rate
0,19,95,cache-aware,0.000000,0.230107,0.337111,0.208837,0.331024,0.518050
0,19,95,cache-blind,0.000000,0.271167,0.390386,0.000000,0.000000,0.497529
0,7,67,cache-aware,0.000000,0.238665,0.350447,0.216715,0.339205,0.528190
0,7,67,cache-blind,0.000000,0.280671,0.404928,0.000000,0.000000,0.507979
1,12,80,cache-aware,0.000000,0.239163,0.350188,0.219892,0.347635,0.531837
1,12,80,cache-blind,0.000000,0.283277,0.408164,0.000000,0.000000,0.512576
1,27,61,cache-aware,0.000000,0.241494,0.355088,0.219275,0.342010,0.530584
1,27,61,cache-blind,0.000000,0.282984,0.409138,0.000000,0.000000,0.509943
1,6,51,cache-aware,0.000000,0.249234,0.366813,0.230557,0.361291,0.545124
1,6,51,cache-blind,0.000000,0.293071,0.423749,0.000000,0.000000,0.523564
1,68,74,cache-aware,0.000000,0.228191,0.335862,0.203182,0.317498,0.512846
1,68,74,cache-blind,0.000000,0.266255,0.384879,0.000000,0.000000,0.491161
12,13,67,cache-aware,0.000000,0.240812,0.353630,0.217560,0.339669,0.530827
12,13,67,cache-blind,0.000000,0.281904,0.406372,0.000000,0.000000,0.509133
12,21,58,cache-aware,0.000000,0.235524,0.347108,0.212199,0.330779,0.523173
12,21,58,cache-blind,0.000000,0.275587,0.399328,0.000000,0.000000,0.502575
12,25,71,cache-aware,0.000000,0.236997,0.349728,0.213791,0.332543,0.525764
12,25,71,cache-blind,0.000000,0.277091,0.401598,0.000000,0.000000,0.504192
2,11,61,cache-aware,0.000000,0.240550,0.351806,0.218930,0.344534,0.530157
2,11,61,cache-blind,0.000000,0.282898,0.406541,0.000000,0.000000,0.509895
2,43,60,cache-aware,0.000000,0.233633,0.343859,0.210251,0.327776,0.519293
2,43,60,cache-blind,0.000000,0.272213,0.394265,0.000000,0.000000,0.498377
23,37,45,cache-aware,0.000000,0.245753,0.363169,0.223308,0.345866,0.537663
23,37,45,cache-blind,0.000000,0.288492,0.418110,0.000000,0.000000,0.516296
