built forbidden=0
search complete: n=1 verdict=FIRST forbidden=0 states=2 maxdepth=1 seconds=4.9232e-05
certificate complete: nodes=2 losing=1 winning=1 bytes=72 seconds=1.5421e-05
	Command being timed: "./build/kyouen-certgen-1-to-8 1 certificates/raw/kyouen-1x1.cert"
	User time (seconds): 0.00
	System time (seconds): 0.00
	Percent of CPU this job got: 50%
	Elapsed (wall clock) time (h:mm:ss or m:ss): 0:00.00
	Average shared text size (kbytes): 0
	Average unshared data size (kbytes): 0
	Average stack size (kbytes): 0
	Average total size (kbytes): 0
	Maximum resident set size (kbytes): 4372
	Average resident set size (kbytes): 0
	Major (requiring I/O) page faults: 0
	Minor (reclaiming a frame) page faults: 304
	Voluntary context switches: 1
	Involuntary context switches: 0
	Swaps: 0
	File system inputs: 0
	File system outputs: 16
	Socket messages sent: 0
	Socket messages received: 0
	Signals delivered: 0
	Page size (bytes): 4096
	Exit status: 0
