built forbidden=1
search complete: n=2 verdict=FIRST forbidden=1 states=5 maxdepth=3 seconds=3.454e-05
certificate complete: nodes=5 losing=2 winning=3 bytes=120 seconds=1.4354e-05
	Command being timed: "./build/kyouen-certgen-1-to-8 2 certificates/raw/kyouen-2x2.cert"
	User time (seconds): 0.00
	System time (seconds): 0.00
	Percent of CPU this job got: 100%
	Elapsed (wall clock) time (h:mm:ss or m:ss): 0:00.00
	Average shared text size (kbytes): 0
	Average unshared data size (kbytes): 0
	Average stack size (kbytes): 0
	Average total size (kbytes): 0
	Maximum resident set size (kbytes): 4196
	Average resident set size (kbytes): 0
	Major (requiring I/O) page faults: 0
	Minor (reclaiming a frame) page faults: 305
	Voluntary context switches: 1
	Involuntary context switches: 0
	Swaps: 0
	File system inputs: 0
	File system outputs: 16
	Socket messages sent: 0
	Socket messages received: 0
	Signals delivered: 0
	Page size (bytes): 4096
	Exit status: 0
