built forbidden=194
search complete: n=4 verdict=SECOND forbidden=194 states=207 maxdepth=7 seconds=0.000119799
certificate complete: nodes=135 losing=47 winning=88 bytes=2200 seconds=2.9949e-05
	Command being timed: "./build/kyouen-certgen-1-to-8 4 certificates/raw/kyouen-4x4.cert"
	User time (seconds): 0.00
	System time (seconds): 0.00
	Percent of CPU this job got: 100%
	Elapsed (wall clock) time (h:mm:ss or m:ss): 0:00.00
	Average shared text size (kbytes): 0
	Average unshared data size (kbytes): 0
	Average stack size (kbytes): 0
	Average total size (kbytes): 0
	Maximum resident set size (kbytes): 4372
	Average resident set size (kbytes): 0
	Major (requiring I/O) page faults: 0
	Minor (reclaiming a frame) page faults: 315
	Voluntary context switches: 1
	Involuntary context switches: 0
	Swaps: 0
	File system inputs: 0
	File system outputs: 16
	Socket messages sent: 0
	Socket messages received: 0
	Signals delivered: 0
	Page size (bytes): 4096
	Exit status: 0
