built forbidden=826
search complete: n=5 verdict=FIRST forbidden=826 states=5775 maxdepth=9 seconds=0.00251664
certificate complete: nodes=1217 losing=449 winning=768 bytes=19512 seconds=0.00022362
	Command being timed: "./build/kyouen-certgen-1-to-8 5 certificates/raw/kyouen-5x5.cert"
	User time (seconds): 0.00
	System time (seconds): 0.00
	Percent of CPU this job got: 100%
	Elapsed (wall clock) time (h:mm:ss or m:ss): 0:00.00
	Average shared text size (kbytes): 0
	Average unshared data size (kbytes): 0
	Average stack size (kbytes): 0
	Average total size (kbytes): 0
	Maximum resident set size (kbytes): 8468
	Average resident set size (kbytes): 0
	Major (requiring I/O) page faults: 0
	Minor (reclaiming a frame) page faults: 1347
	Voluntary context switches: 1
	Involuntary context switches: 0
	Swaps: 0
	File system inputs: 0
	File system outputs: 48
	Socket messages sent: 0
	Socket messages received: 0
	Signals delivered: 0
	Page size (bytes): 4096
	Exit status: 0
