built forbidden=2491
search complete: n=6 verdict=FIRST forbidden=2491 states=51958 maxdepth=11 seconds=0.0319595
certificate complete: nodes=21712 losing=7625 winning=14087 bytes=347432 seconds=0.0057989
	Command being timed: "./build/kyouen-certgen-1-to-8 6 certificates/raw/kyouen-6x6.cert"
	User time (seconds): 0.04
	System time (seconds): 0.01
	Percent of CPU this job got: 98%
	Elapsed (wall clock) time (h:mm:ss or m:ss): 0:00.05
	Average shared text size (kbytes): 0
	Average unshared data size (kbytes): 0
	Average stack size (kbytes): 0
	Average total size (kbytes): 0
	Maximum resident set size (kbytes): 22548
	Average resident set size (kbytes): 0
	Major (requiring I/O) page faults: 0
	Minor (reclaiming a frame) page faults: 4867
	Voluntary context switches: 1
	Involuntary context switches: 2
	Swaps: 0
	File system inputs: 0
	File system outputs: 688
	Socket messages sent: 0
	Socket messages received: 0
	Signals delivered: 0
	Page size (bytes): 4096
	Exit status: 0
