outcome table slots=33554432
checked=1048576/8744406 rate=0.209128 M nodes/s
checked=2097152/8744406 rate=0.382006 M nodes/s
checked=3145728/8744406 rate=0.527883 M nodes/s
checked=4194304/8744406 rate=0.652429 M nodes/s
checked=5242880/8744406 rate=0.758947 M nodes/s
checked=6291456/8744406 rate=0.851649 M nodes/s
checked=7340032/8744406 rate=0.932588 M nodes/s
checked=8388608/8744406 rate=1.00351 M nodes/s
	Command being timed: "./build/kyouen-certcheck certificates/raw/kyouen-8x8.cert"
	User time (seconds): 8.23
	System time (seconds): 0.29
	Percent of CPU this job got: 99%
	Elapsed (wall clock) time (h:mm:ss or m:ss): 0:08.54
	Average shared text size (kbytes): 0
	Average unshared data size (kbytes): 0
	Average stack size (kbytes): 0
	Average total size (kbytes): 0
	Maximum resident set size (kbytes): 537736
	Average resident set size (kbytes): 0
	Major (requiring I/O) page faults: 0
	Minor (reclaiming a frame) page faults: 133651
	Voluntary context switches: 1
	Involuntary context switches: 42
	Swaps: 0
	File system inputs: 0
	File system outputs: 16
	Socket messages sent: 0
	Socket messages received: 0
	Signals delivered: 0
	Page size (bytes): 4096
	Exit status: 0
