outcome table slots=33554432
checked=1048576/13457134 rate=0.151515 M nodes/s
checked=2097152/13457134 rate=0.280368 M nodes/s
checked=3145728/13457134 rate=0.391339 M nodes/s
checked=4194304/13457134 rate=0.488528 M nodes/s
checked=5242880/13457134 rate=0.573145 M nodes/s
checked=6291456/13457134 rate=0.647545 M nodes/s
checked=7340032/13457134 rate=0.714586 M nodes/s
checked=8388608/13457134 rate=0.773763 M nodes/s
checked=9437184/13457134 rate=0.826305 M nodes/s
checked=10485760/13457134 rate=0.874899 M nodes/s
checked=11534336/13457134 rate=0.917665 M nodes/s
checked=12582912/13457134 rate=0.955626 M nodes/s
	Command being timed: "./build/kyouen-certcheck certificates/raw/kyouen-9x9.cert"
	User time (seconds): 13.37
	System time (seconds): 0.31
	Percent of CPU this job got: 99%
	Elapsed (wall clock) time (h:mm:ss or m:ss): 0:13.68
	Average shared text size (kbytes): 0
	Average unshared data size (kbytes): 0
	Average stack size (kbytes): 0
	Average total size (kbytes): 0
	Maximum resident set size (kbytes): 615560
	Average resident set size (kbytes): 0
	Major (requiring I/O) page faults: 0
	Minor (reclaiming a frame) page faults: 153111
	Voluntary context switches: 2
	Involuntary context switches: 69
	Swaps: 0
	File system inputs: 0
	File system outputs: 24
	Socket messages sent: 0
	Socket messages received: 0
	Signals delivered: 0
	Page size (bytes): 4096
	Exit status: 0
