CMD 12,57,58 B: /mnt/d/ghq/github.com/yuubinnkyoku/kyouen-1-to-9-classification/tmp-kb/parent_bench_native /mnt/d/ghq/github.com/yuubinnkyoku/kyouen-1-to-9-classification/tmp-kb/tmpihf7n1yw.txt 0 90 0 0 --root-depth 3 --root-order-file /mnt/d/ghq/github.com/yuubinnkyoku/kyouen-1-to-9-classification/results/10x10/ab-staged-v3-root/root_orders/order_12_57_58.txt
CMD 12,57,58 A: /mnt/d/ghq/github.com/yuubinnkyoku/kyouen-1-to-9-classification/tmp-kb/parent_bench_native /mnt/d/ghq/github.com/yuubinnkyoku/kyouen-1-to-9-classification/tmp-kb/tmps1s0abgv.txt 0 90 0 0 --root-depth 3
CMD 4,15,23 A: /mnt/d/ghq/github.com/yuubinnkyoku/kyouen-1-to-9-classification/tmp-kb/parent_bench_native /mnt/d/ghq/github.com/yuubinnkyoku/kyouen-1-to-9-classification/tmp-kb/tmpwrf4_qts.txt 0 90 0 0 --root-depth 3
CMD 4,15,23 B: /mnt/d/ghq/github.com/yuubinnkyoku/kyouen-1-to-9-classification/tmp-kb/parent_bench_native /mnt/d/ghq/github.com/yuubinnkyoku/kyouen-1-to-9-classification/tmp-kb/tmp2cs9zpkd.txt 0 90 0 0 --root-depth 3 --root-order-file /mnt/d/ghq/github.com/yuubinnkyoku/kyouen-1-to-9-classification/results/10x10/ab-staged-v3-root/root_orders/order_4_15_23.txt
CMD 11,25,64 B: /mnt/d/ghq/github.com/yuubinnkyoku/kyouen-1-to-9-classification/tmp-kb/parent_bench_native /mnt/d/ghq/github.com/yuubinnkyoku/kyouen-1-to-9-classification/tmp-kb/tmp1gnmhpoo.txt 0 90 0 0 --root-depth 3 --root-order-file /mnt/d/ghq/github.com/yuubinnkyoku/kyouen-1-to-9-classification/results/10x10/ab-staged-v3-root/root_orders/order_11_25_64.txt
CMD 11,25,64 A: /mnt/d/ghq/github.com/yuubinnkyoku/kyouen-1-to-9-classification/tmp-kb/parent_bench_native /mnt/d/ghq/github.com/yuubinnkyoku/kyouen-1-to-9-classification/tmp-kb/tmpoa9b3um8.txt 0 90 0 0 --root-depth 3
CMD 4,45,68 B: /mnt/d/ghq/github.com/yuubinnkyoku/kyouen-1-to-9-classification/tmp-kb/parent_bench_native /mnt/d/ghq/github.com/yuubinnkyoku/kyouen-1-to-9-classification/tmp-kb/tmpazcyxn4v.txt 0 90 0 0 --root-depth 3 --root-order-file /mnt/d/ghq/github.com/yuubinnkyoku/kyouen-1-to-9-classification/results/10x10/ab-staged-v3-root/root_orders/order_4_45_68.txt
CMD 4,45,68 A: /mnt/d/ghq/github.com/yuubinnkyoku/kyouen-1-to-9-classification/tmp-kb/parent_bench_native /mnt/d/ghq/github.com/yuubinnkyoku/kyouen-1-to-9-classification/tmp-kb/tmp7qqv5e7t.txt 0 90 0 0 --root-depth 3
CMD 3,58,81 B: /mnt/d/ghq/github.com/yuubinnkyoku/kyouen-1-to-9-classification/tmp-kb/parent_bench_native /mnt/d/ghq/github.com/yuubinnkyoku/kyouen-1-to-9-classification/tmp-kb/tmpatoblaw5.txt 0 90 0 0 --root-depth 3 --root-order-file /mnt/d/ghq/github.com/yuubinnkyoku/kyouen-1-to-9-classification/results/10x10/ab-staged-v3-root/root_orders/order_3_58_81.txt
CMD 3,58,81 A: /mnt/d/ghq/github.com/yuubinnkyoku/kyouen-1-to-9-classification/tmp-kb/parent_bench_native /mnt/d/ghq/github.com/yuubinnkyoku/kyouen-1-to-9-classification/tmp-kb/tmpq965r2or.txt 0 90 0 0 --root-depth 3
CMD 2,30,53 B: /mnt/d/ghq/github.com/yuubinnkyoku/kyouen-1-to-9-classification/tmp-kb/parent_bench_native /mnt/d/ghq/github.com/yuubinnkyoku/kyouen-1-to-9-classification/tmp-kb/tmpcliye3qv.txt 0 90 0 0 --root-depth 3 --root-order-file /mnt/d/ghq/github.com/yuubinnkyoku/kyouen-1-to-9-classification/results/10x10/ab-staged-v3-root/root_orders/order_2_30_53.txt
CMD 2,30,53 A: /mnt/d/ghq/github.com/yuubinnkyoku/kyouen-1-to-9-classification/tmp-kb/parent_bench_native /mnt/d/ghq/github.com/yuubinnkyoku/kyouen-1-to-9-classification/tmp-kb/tmpdhh_r9e3.txt 0 90 0 0 --root-depth 3
CMD 22,44,55 B: /mnt/d/ghq/github.com/yuubinnkyoku/kyouen-1-to-9-classification/tmp-kb/parent_bench_native /mnt/d/ghq/github.com/yuubinnkyoku/kyouen-1-to-9-classification/tmp-kb/tmpt_vsrexy.txt 0 90 0 0 --root-depth 3 --root-order-file /mnt/d/ghq/github.com/yuubinnkyoku/kyouen-1-to-9-classification/results/10x10/ab-staged-v3-root/root_orders/order_22_44_55.txt
CMD 22,44,55 A: /mnt/d/ghq/github.com/yuubinnkyoku/kyouen-1-to-9-classification/tmp-kb/parent_bench_native /mnt/d/ghq/github.com/yuubinnkyoku/kyouen-1-to-9-classification/tmp-kb/tmpj_hkb817.txt 0 90 0 0 --root-depth 3
CMD 4,32,64 A: /mnt/d/ghq/github.com/yuubinnkyoku/kyouen-1-to-9-classification/tmp-kb/parent_bench_native /mnt/d/ghq/github.com/yuubinnkyoku/kyouen-1-to-9-classification/tmp-kb/tmpuehijlfc.txt 0 90 0 0 --root-depth 3
CMD 4,32,64 B: /mnt/d/ghq/github.com/yuubinnkyoku/kyouen-1-to-9-classification/tmp-kb/parent_bench_native /mnt/d/ghq/github.com/yuubinnkyoku/kyouen-1-to-9-classification/tmp-kb/tmpdkjza1a9.txt 0 90 0 0 --root-depth 3 --root-order-file /mnt/d/ghq/github.com/yuubinnkyoku/kyouen-1-to-9-classification/results/10x10/ab-staged-v3-root/root_orders/order_4_32_64.txt
CMD 12,44,46 A: /mnt/d/ghq/github.com/yuubinnkyoku/kyouen-1-to-9-classification/tmp-kb/parent_bench_native /mnt/d/ghq/github.com/yuubinnkyoku/kyouen-1-to-9-classification/tmp-kb/tmpcvjyg0f_.txt 0 90 0 0 --root-depth 3
CMD 12,44,46 B: /mnt/d/ghq/github.com/yuubinnkyoku/kyouen-1-to-9-classification/tmp-kb/parent_bench_native /mnt/d/ghq/github.com/yuubinnkyoku/kyouen-1-to-9-classification/tmp-kb/tmpw_grv2_n.txt 0 90 0 0 --root-depth 3 --root-order-file /mnt/d/ghq/github.com/yuubinnkyoku/kyouen-1-to-9-classification/results/10x10/ab-staged-v3-root/root_orders/order_12_44_46.txt
CMD 4,16,41 A: /mnt/d/ghq/github.com/yuubinnkyoku/kyouen-1-to-9-classification/tmp-kb/parent_bench_native /mnt/d/ghq/github.com/yuubinnkyoku/kyouen-1-to-9-classification/tmp-kb/tmpd3p_zg1w.txt 0 90 0 0 --root-depth 3
CMD 4,16,41 B: /mnt/d/ghq/github.com/yuubinnkyoku/kyouen-1-to-9-classification/tmp-kb/parent_bench_native /mnt/d/ghq/github.com/yuubinnkyoku/kyouen-1-to-9-classification/tmp-kb/tmpuzpnlygo.txt 0 90 0 0 --root-depth 3 --root-order-file /mnt/d/ghq/github.com/yuubinnkyoku/kyouen-1-to-9-classification/results/10x10/ab-staged-v3-root/root_orders/order_4_16_41.txt
CMD 1,27,54 A: /mnt/d/ghq/github.com/yuubinnkyoku/kyouen-1-to-9-classification/tmp-kb/parent_bench_native /mnt/d/ghq/github.com/yuubinnkyoku/kyouen-1-to-9-classification/tmp-kb/tmp_6fu2a27.txt 0 90 0 0 --root-depth 3
CMD 1,27,54 B: /mnt/d/ghq/github.com/yuubinnkyoku/kyouen-1-to-9-classification/tmp-kb/parent_bench_native /mnt/d/ghq/github.com/yuubinnkyoku/kyouen-1-to-9-classification/tmp-kb/tmp10aizkr0.txt 0 90 0 0 --root-depth 3 --root-order-file /mnt/d/ghq/github.com/yuubinnkyoku/kyouen-1-to-9-classification/results/10x10/ab-staged-v3-root/root_orders/order_1_27_54.txt
CMD 4,13,67 A: /mnt/d/ghq/github.com/yuubinnkyoku/kyouen-1-to-9-classification/tmp-kb/parent_bench_native /mnt/d/ghq/github.com/yuubinnkyoku/kyouen-1-to-9-classification/tmp-kb/tmpulv2lfxa.txt 0 90 0 0 --root-depth 3
CMD 4,13,67 B: /mnt/d/ghq/github.com/yuubinnkyoku/kyouen-1-to-9-classification/tmp-kb/parent_bench_native /mnt/d/ghq/github.com/yuubinnkyoku/kyouen-1-to-9-classification/tmp-kb/tmpbby6eeq0.txt 0 90 0 0 --root-depth 3 --root-order-file /mnt/d/ghq/github.com/yuubinnkyoku/kyouen-1-to-9-classification/results/10x10/ab-staged-v3-root/root_orders/order_4_13_67.txt
CMD 2,59,87 A: /mnt/d/ghq/github.com/yuubinnkyoku/kyouen-1-to-9-classification/tmp-kb/parent_bench_native /mnt/d/ghq/github.com/yuubinnkyoku/kyouen-1-to-9-classification/tmp-kb/tmp4vmgpaxq.txt 0 90 0 0 --root-depth 3
CMD 2,59,87 B: /mnt/d/ghq/github.com/yuubinnkyoku/kyouen-1-to-9-classification/tmp-kb/parent_bench_native /mnt/d/ghq/github.com/yuubinnkyoku/kyouen-1-to-9-classification/tmp-kb/tmpi9ipqq5x.txt 0 90 0 0 --root-depth 3 --root-order-file /mnt/d/ghq/github.com/yuubinnkyoku/kyouen-1-to-9-classification/results/10x10/ab-staged-v3-root/root_orders/order_2_59_87.txt
CMD 4,55,78 B: /mnt/d/ghq/github.com/yuubinnkyoku/kyouen-1-to-9-classification/tmp-kb/parent_bench_native /mnt/d/ghq/github.com/yuubinnkyoku/kyouen-1-to-9-classification/tmp-kb/tmp8lu4dvci.txt 0 90 0 0 --root-depth 3 --root-order-file /mnt/d/ghq/github.com/yuubinnkyoku/kyouen-1-to-9-classification/results/10x10/ab-staged-v3-root/root_orders/order_4_55_78.txt
CMD 4,55,78 A: /mnt/d/ghq/github.com/yuubinnkyoku/kyouen-1-to-9-classification/tmp-kb/parent_bench_native /mnt/d/ghq/github.com/yuubinnkyoku/kyouen-1-to-9-classification/tmp-kb/tmpx6higp8v.txt 0 90 0 0 --root-depth 3
CMD 2,50,69 A: /mnt/d/ghq/github.com/yuubinnkyoku/kyouen-1-to-9-classification/tmp-kb/parent_bench_native /mnt/d/ghq/github.com/yuubinnkyoku/kyouen-1-to-9-classification/tmp-kb/tmpvffh8xgf.txt 0 90 0 0 --root-depth 3
CMD 2,50,69 B: /mnt/d/ghq/github.com/yuubinnkyoku/kyouen-1-to-9-classification/tmp-kb/parent_bench_native /mnt/d/ghq/github.com/yuubinnkyoku/kyouen-1-to-9-classification/tmp-kb/tmp_k34fp78.txt 0 90 0 0 --root-depth 3 --root-order-file /mnt/d/ghq/github.com/yuubinnkyoku/kyouen-1-to-9-classification/results/10x10/ab-staged-v3-root/root_orders/order_2_50_69.txt
CMD 3,36,62 B: /mnt/d/ghq/github.com/yuubinnkyoku/kyouen-1-to-9-classification/tmp-kb/parent_bench_native /mnt/d/ghq/github.com/yuubinnkyoku/kyouen-1-to-9-classification/tmp-kb/tmp22p6dh5k.txt 0 90 0 0 --root-depth 3 --root-order-file /mnt/d/ghq/github.com/yuubinnkyoku/kyouen-1-to-9-classification/results/10x10/ab-staged-v3-root/root_orders/order_3_36_62.txt
CMD 3,36,62 A: /mnt/d/ghq/github.com/yuubinnkyoku/kyouen-1-to-9-classification/tmp-kb/parent_bench_native /mnt/d/ghq/github.com/yuubinnkyoku/kyouen-1-to-9-classification/tmp-kb/tmpgecpt0r7.txt 0 90 0 0 --root-depth 3
